// Jest Snapshot v1, https://goo.gl/fbAQLP

exports[`<CompoundSlider> renders correctly 1`] = `
ShallowWrapper {
  Symbol(enzyme.__root__): [Circular],
  Symbol(enzyme.__unrendered__): <CompoundSlider
    mode={1}
    onChange={[Function]}
    onUpdate={[Function]}
    reversed={false}
    showHandleValue={false}
    sliderColour="#ff5ca3"
  />,
  Symbol(enzyme.__renderer__): Object {
    "batchedUpdates": [Function],
    "getNode": [Function],
    "render": [Function],
    "simulateError": [Function],
    "simulateEvent": [Function],
    "unmount": [Function],
  },
  Symbol(enzyme.__node__): Object {
    "instance": null,
    "key": undefined,
    "nodeType": "class",
    "props": Object {
      "children": <Slider
        className="css-1ioyo0j-SliderStyles"
        domain={
          Array [
            0,
            100,
          ]
        }
        mode={1}
        onChange={[Function]}
        onSlideEnd={[Function]}
        onSlideStart={[Function]}
        onUpdate={[Function]}
        reversed={false}
        step={0.1}
        vertical={false}
      >
        <Rail>
          [Function]
        </Rail>
        <Handles>
          [Function]
        </Handles>
        <Tracks
          left={true}
          right={false}
        >
          [Function]
        </Tracks>
        <Ticks
          count={10}
        >
          [Function]
        </Ticks>
      </Slider>,
    },
    "ref": null,
    "rendered": Object {
      "instance": null,
      "key": undefined,
      "nodeType": "class",
      "props": Object {
        "children": Array [
          <Rail>
            [Function]
          </Rail>,
          <Handles>
            [Function]
          </Handles>,
          <Tracks
            left={true}
            right={false}
          >
            [Function]
          </Tracks>,
          <Ticks
            count={10}
          >
            [Function]
          </Ticks>,
        ],
        "className": "css-1ioyo0j-SliderStyles",
        "domain": Array [
          0,
          100,
        ],
        "mode": 1,
        "onChange": [Function],
        "onSlideEnd": [Function],
        "onSlideStart": [Function],
        "onUpdate": [Function],
        "reversed": false,
        "step": 0.1,
        "values": undefined,
        "vertical": false,
      },
      "ref": null,
      "rendered": Array [
        Object {
          "instance": null,
          "key": undefined,
          "nodeType": "class",
          "props": Object {
            "children": [Function],
          },
          "ref": null,
          "rendered": [Function],
          "type": [Function],
        },
        Object {
          "instance": null,
          "key": undefined,
          "nodeType": "class",
          "props": Object {
            "children": [Function],
          },
          "ref": null,
          "rendered": [Function],
          "type": [Function],
        },
        Object {
          "instance": null,
          "key": undefined,
          "nodeType": "class",
          "props": Object {
            "children": [Function],
            "left": true,
            "right": false,
          },
          "ref": null,
          "rendered": [Function],
          "type": [Function],
        },
        Object {
          "instance": null,
          "key": undefined,
          "nodeType": "class",
          "props": Object {
            "children": [Function],
            "count": 10,
          },
          "ref": null,
          "rendered": [Function],
          "type": [Function],
        },
      ],
      "type": [Function],
    },
    "type": [Function],
  },
  Symbol(enzyme.__nodes__): Array [
    Object {
      "instance": null,
      "key": undefined,
      "nodeType": "class",
      "props": Object {
        "children": <Slider
          className="css-1ioyo0j-SliderStyles"
          domain={
            Array [
              0,
              100,
            ]
          }
          mode={1}
          onChange={[Function]}
          onSlideEnd={[Function]}
          onSlideStart={[Function]}
          onUpdate={[Function]}
          reversed={false}
          step={0.1}
          vertical={false}
        >
          <Rail>
            [Function]
          </Rail>
          <Handles>
            [Function]
          </Handles>
          <Tracks
            left={true}
            right={false}
          >
            [Function]
          </Tracks>
          <Ticks
            count={10}
          >
            [Function]
          </Ticks>
        </Slider>,
      },
      "ref": null,
      "rendered": Object {
        "instance": null,
        "key": undefined,
        "nodeType": "class",
        "props": Object {
          "children": Array [
            <Rail>
              [Function]
            </Rail>,
            <Handles>
              [Function]
            </Handles>,
            <Tracks
              left={true}
              right={false}
            >
              [Function]
            </Tracks>,
            <Ticks
              count={10}
            >
              [Function]
            </Ticks>,
          ],
          "className": "css-1ioyo0j-SliderStyles",
          "domain": Array [
            0,
            100,
          ],
          "mode": 1,
          "onChange": [Function],
          "onSlideEnd": [Function],
          "onSlideStart": [Function],
          "onUpdate": [Function],
          "reversed": false,
          "step": 0.1,
          "values": undefined,
          "vertical": false,
        },
        "ref": null,
        "rendered": Array [
          Object {
            "instance": null,
            "key": undefined,
            "nodeType": "class",
            "props": Object {
              "children": [Function],
            },
            "ref": null,
            "rendered": [Function],
            "type": [Function],
          },
          Object {
            "instance": null,
            "key": undefined,
            "nodeType": "class",
            "props": Object {
              "children": [Function],
            },
            "ref": null,
            "rendered": [Function],
            "type": [Function],
          },
          Object {
            "instance": null,
            "key": undefined,
            "nodeType": "class",
            "props": Object {
              "children": [Function],
              "left": true,
              "right": false,
            },
            "ref": null,
            "rendered": [Function],
            "type": [Function],
          },
          Object {
            "instance": null,
            "key": undefined,
            "nodeType": "class",
            "props": Object {
              "children": [Function],
              "count": 10,
            },
            "ref": null,
            "rendered": [Function],
            "type": [Function],
          },
        ],
        "type": [Function],
      },
      "type": [Function],
    },
  ],
  Symbol(enzyme.__options__): Object {
    "adapter": ReactSixteenAdapter {
      "options": Object {
        "enableComponentDidUpdateOnSetState": true,
        "lifecycles": Object {
          "componentDidUpdate": Object {
            "onSetState": true,
          },
          "getDerivedStateFromProps": true,
          "getSnapshotBeforeUpdate": true,
          "setState": Object {
            "skipsComponentDidUpdateOnNullish": true,
          },
        },
      },
    },
    "attachTo": undefined,
    "hydrateIn": undefined,
  },
}
`;
