// Jest Snapshot v1, https://goo.gl/fbAQLP

exports[`<VersionChip /> renders correctly 1`] = `
ShallowWrapper {
  Symbol(enzyme.__root__): [Circular],
  Symbol(enzyme.__unrendered__): <VersionChip
    browser="Chrome"
    defaultChecked={false}
    isIncluded={false}
    onChange={[Function]}
    version={1}
  />,
  Symbol(enzyme.__renderer__): Object {
    "batchedUpdates": [Function],
    "getNode": [Function],
    "render": [Function],
    "simulateError": [Function],
    "simulateEvent": [Function],
    "unmount": [Function],
  },
  Symbol(enzyme.__node__): Object {
    "instance": null,
    "key": undefined,
    "nodeType": "class",
    "props": Object {
      "children": Array [
        <VersionInput
          defaultChecked={false}
          id="Chrome"
          isIncluded={false}
          onChange={[Function]}
          type="checkbox"
        />,
        <VersionStyle />,
        <VersionText
          isIncluded={false}
        >
          1
        </VersionText>,
      ],
      "htmlFor": "Chrome",
    },
    "ref": null,
    "rendered": Array [
      Object {
        "instance": null,
        "key": undefined,
        "nodeType": "class",
        "props": Object {
          "defaultChecked": false,
          "id": "Chrome",
          "isIncluded": false,
          "onChange": [Function],
          "type": "checkbox",
        },
        "ref": null,
        "rendered": null,
        "type": [Function],
      },
      Object {
        "instance": null,
        "key": undefined,
        "nodeType": "class",
        "props": Object {},
        "ref": null,
        "rendered": null,
        "type": [Function],
      },
      Object {
        "instance": null,
        "key": undefined,
        "nodeType": "class",
        "props": Object {
          "children": 1,
          "isIncluded": false,
        },
        "ref": null,
        "rendered": 1,
        "type": [Function],
      },
    ],
    "type": [Function],
  },
  Symbol(enzyme.__nodes__): Array [
    Object {
      "instance": null,
      "key": undefined,
      "nodeType": "class",
      "props": Object {
        "children": Array [
          <VersionInput
            defaultChecked={false}
            id="Chrome"
            isIncluded={false}
            onChange={[Function]}
            type="checkbox"
          />,
          <VersionStyle />,
          <VersionText
            isIncluded={false}
          >
            1
          </VersionText>,
        ],
        "htmlFor": "Chrome",
      },
      "ref": null,
      "rendered": Array [
        Object {
          "instance": null,
          "key": undefined,
          "nodeType": "class",
          "props": Object {
            "defaultChecked": false,
            "id": "Chrome",
            "isIncluded": false,
            "onChange": [Function],
            "type": "checkbox",
          },
          "ref": null,
          "rendered": null,
          "type": [Function],
        },
        Object {
          "instance": null,
          "key": undefined,
          "nodeType": "class",
          "props": Object {},
          "ref": null,
          "rendered": null,
          "type": [Function],
        },
        Object {
          "instance": null,
          "key": undefined,
          "nodeType": "class",
          "props": Object {
            "children": 1,
            "isIncluded": false,
          },
          "ref": null,
          "rendered": 1,
          "type": [Function],
        },
      ],
      "type": [Function],
    },
  ],
  Symbol(enzyme.__options__): Object {
    "adapter": ReactSixteenAdapter {
      "options": Object {
        "enableComponentDidUpdateOnSetState": true,
        "lifecycles": Object {
          "componentDidUpdate": Object {
            "onSetState": true,
          },
          "getDerivedStateFromProps": true,
          "getSnapshotBeforeUpdate": true,
          "setState": Object {
            "skipsComponentDidUpdateOnNullish": true,
          },
        },
      },
    },
    "attachTo": undefined,
    "hydrateIn": undefined,
  },
}
`;
