// Jest Snapshot v1, https://goo.gl/fbAQLP

exports[`<HeadTag /> renders correctly 1`] = `
ShallowWrapper {
  Symbol(enzyme.__root__): [Circular],
  Symbol(enzyme.__unrendered__): <HeadTag />,
  Symbol(enzyme.__renderer__): Object {
    "batchedUpdates": [Function],
    "getNode": [Function],
    "render": [Function],
    "simulateError": [Function],
    "simulateEvent": [Function],
    "unmount": [Function],
  },
  Symbol(enzyme.__node__): Object {
    "instance": null,
    "key": undefined,
    "nodeType": "class",
    "props": Object {
      "children": Array [
        <title>
          Browserful
        </title>,
        <meta
          content="Last 5 versions, > 0.1%, not dead. This is confusing. Browserful isn’t!"
          property="og:title"
        />,
        <meta
          content="http://www.browserful.com/static/images/opengraph.jpg"
          property="og:image"
        />,
        <meta
          content="Using our easy to use sliders you can configure a matrix to show exactly which browsers you support and which browsers you don’t."
          property="og:description"
        />,
      ],
    },
    "ref": null,
    "rendered": Array [
      Object {
        "instance": null,
        "key": undefined,
        "nodeType": "host",
        "props": Object {
          "children": "Browserful",
        },
        "ref": null,
        "rendered": "Browserful",
        "type": "title",
      },
      Object {
        "instance": null,
        "key": "og:title",
        "nodeType": "host",
        "props": Object {
          "content": "Last 5 versions, > 0.1%, not dead. This is confusing. Browserful isn’t!",
          "property": "og:title",
        },
        "ref": null,
        "rendered": null,
        "type": "meta",
      },
      Object {
        "instance": null,
        "key": "og:image",
        "nodeType": "host",
        "props": Object {
          "content": "http://www.browserful.com/static/images/opengraph.jpg",
          "property": "og:image",
        },
        "ref": null,
        "rendered": null,
        "type": "meta",
      },
      Object {
        "instance": null,
        "key": "og:description",
        "nodeType": "host",
        "props": Object {
          "content": "Using our easy to use sliders you can configure a matrix to show exactly which browsers you support and which browsers you don’t.",
          "property": "og:description",
        },
        "ref": null,
        "rendered": null,
        "type": "meta",
      },
    ],
    "type": [Function],
  },
  Symbol(enzyme.__nodes__): Array [
    Object {
      "instance": null,
      "key": undefined,
      "nodeType": "class",
      "props": Object {
        "children": Array [
          <title>
            Browserful
          </title>,
          <meta
            content="Last 5 versions, > 0.1%, not dead. This is confusing. Browserful isn’t!"
            property="og:title"
          />,
          <meta
            content="http://www.browserful.com/static/images/opengraph.jpg"
            property="og:image"
          />,
          <meta
            content="Using our easy to use sliders you can configure a matrix to show exactly which browsers you support and which browsers you don’t."
            property="og:description"
          />,
        ],
      },
      "ref": null,
      "rendered": Array [
        Object {
          "instance": null,
          "key": undefined,
          "nodeType": "host",
          "props": Object {
            "children": "Browserful",
          },
          "ref": null,
          "rendered": "Browserful",
          "type": "title",
        },
        Object {
          "instance": null,
          "key": "og:title",
          "nodeType": "host",
          "props": Object {
            "content": "Last 5 versions, > 0.1%, not dead. This is confusing. Browserful isn’t!",
            "property": "og:title",
          },
          "ref": null,
          "rendered": null,
          "type": "meta",
        },
        Object {
          "instance": null,
          "key": "og:image",
          "nodeType": "host",
          "props": Object {
            "content": "http://www.browserful.com/static/images/opengraph.jpg",
            "property": "og:image",
          },
          "ref": null,
          "rendered": null,
          "type": "meta",
        },
        Object {
          "instance": null,
          "key": "og:description",
          "nodeType": "host",
          "props": Object {
            "content": "Using our easy to use sliders you can configure a matrix to show exactly which browsers you support and which browsers you don’t.",
            "property": "og:description",
          },
          "ref": null,
          "rendered": null,
          "type": "meta",
        },
      ],
      "type": [Function],
    },
  ],
  Symbol(enzyme.__options__): Object {
    "adapter": ReactSixteenAdapter {
      "options": Object {
        "enableComponentDidUpdateOnSetState": true,
        "lifecycles": Object {
          "componentDidUpdate": Object {
            "onSetState": true,
          },
          "getDerivedStateFromProps": true,
          "getSnapshotBeforeUpdate": true,
          "setState": Object {
            "skipsComponentDidUpdateOnNullish": true,
          },
        },
      },
    },
    "attachTo": undefined,
    "hydrateIn": undefined,
  },
}
`;
