// Jest Snapshot v1, https://goo.gl/fbAQLP

exports[`<BrowserfulLogo/> renders correctly 1`] = `
ShallowWrapper {
  Symbol(enzyme.__root__): [Circular],
  Symbol(enzyme.__unrendered__): <BrowserfulLogo
    fontColour="#404040"
    logoColour="#ff5ca3"
    showText={true}
  />,
  Symbol(enzyme.__renderer__): Object {
    "batchedUpdates": [Function],
    "getNode": [Function],
    "render": [Function],
    "simulateError": [Function],
    "simulateEvent": [Function],
    "unmount": [Function],
  },
  Symbol(enzyme.__node__): Object {
    "instance": null,
    "key": undefined,
    "nodeType": "class",
    "props": Object {
      "children": Array [
        <SvgWrapper>
          <svg
            height="23.5"
            style={
              Object {
                "fill": "#ff5ca3",
              }
            }
            width="23.5"
            x="0px"
            y="0px"
          >
            <circle
              cx="9.6"
              cy="9.6"
              r="9.6"
            />
            <g>
              <circle
                cx="20.3"
                cy="20.3"
                r="3.2"
              />
            </g>
          </svg>
        </SvgWrapper>,
        <BrowserfulLogoText
          display="inline-flex"
          fontColour="#404040"
        >
          Browserful
        </BrowserfulLogoText>,
      ],
    },
    "ref": null,
    "rendered": Array [
      Object {
        "instance": null,
        "key": undefined,
        "nodeType": "class",
        "props": Object {
          "children": <svg
            height="23.5"
            style={
              Object {
                "fill": "#ff5ca3",
              }
            }
            width="23.5"
            x="0px"
            y="0px"
          >
            <circle
              cx="9.6"
              cy="9.6"
              r="9.6"
            />
            <g>
              <circle
                cx="20.3"
                cy="20.3"
                r="3.2"
              />
            </g>
          </svg>,
        },
        "ref": null,
        "rendered": Object {
          "instance": null,
          "key": undefined,
          "nodeType": "host",
          "props": Object {
            "children": Array [
              <circle
                cx="9.6"
                cy="9.6"
                r="9.6"
              />,
              <g>
                <circle
                  cx="20.3"
                  cy="20.3"
                  r="3.2"
                />
              </g>,
            ],
            "height": "23.5",
            "style": Object {
              "fill": "#ff5ca3",
            },
            "width": "23.5",
            "x": "0px",
            "y": "0px",
          },
          "ref": null,
          "rendered": Array [
            Object {
              "instance": null,
              "key": undefined,
              "nodeType": "host",
              "props": Object {
                "cx": "9.6",
                "cy": "9.6",
                "r": "9.6",
              },
              "ref": null,
              "rendered": null,
              "type": "circle",
            },
            Object {
              "instance": null,
              "key": undefined,
              "nodeType": "host",
              "props": Object {
                "children": <circle
                  cx="20.3"
                  cy="20.3"
                  r="3.2"
                />,
              },
              "ref": null,
              "rendered": Object {
                "instance": null,
                "key": undefined,
                "nodeType": "host",
                "props": Object {
                  "cx": "20.3",
                  "cy": "20.3",
                  "r": "3.2",
                },
                "ref": null,
                "rendered": null,
                "type": "circle",
              },
              "type": "g",
            },
          ],
          "type": "svg",
        },
        "type": [Function],
      },
      Object {
        "instance": null,
        "key": undefined,
        "nodeType": "class",
        "props": Object {
          "children": "Browserful",
          "display": "inline-flex",
          "fontColour": "#404040",
        },
        "ref": null,
        "rendered": "Browserful",
        "type": [Function],
      },
    ],
    "type": [Function],
  },
  Symbol(enzyme.__nodes__): Array [
    Object {
      "instance": null,
      "key": undefined,
      "nodeType": "class",
      "props": Object {
        "children": Array [
          <SvgWrapper>
            <svg
              height="23.5"
              style={
                Object {
                  "fill": "#ff5ca3",
                }
              }
              width="23.5"
              x="0px"
              y="0px"
            >
              <circle
                cx="9.6"
                cy="9.6"
                r="9.6"
              />
              <g>
                <circle
                  cx="20.3"
                  cy="20.3"
                  r="3.2"
                />
              </g>
            </svg>
          </SvgWrapper>,
          <BrowserfulLogoText
            display="inline-flex"
            fontColour="#404040"
          >
            Browserful
          </BrowserfulLogoText>,
        ],
      },
      "ref": null,
      "rendered": Array [
        Object {
          "instance": null,
          "key": undefined,
          "nodeType": "class",
          "props": Object {
            "children": <svg
              height="23.5"
              style={
                Object {
                  "fill": "#ff5ca3",
                }
              }
              width="23.5"
              x="0px"
              y="0px"
            >
              <circle
                cx="9.6"
                cy="9.6"
                r="9.6"
              />
              <g>
                <circle
                  cx="20.3"
                  cy="20.3"
                  r="3.2"
                />
              </g>
            </svg>,
          },
          "ref": null,
          "rendered": Object {
            "instance": null,
            "key": undefined,
            "nodeType": "host",
            "props": Object {
              "children": Array [
                <circle
                  cx="9.6"
                  cy="9.6"
                  r="9.6"
                />,
                <g>
                  <circle
                    cx="20.3"
                    cy="20.3"
                    r="3.2"
                  />
                </g>,
              ],
              "height": "23.5",
              "style": Object {
                "fill": "#ff5ca3",
              },
              "width": "23.5",
              "x": "0px",
              "y": "0px",
            },
            "ref": null,
            "rendered": Array [
              Object {
                "instance": null,
                "key": undefined,
                "nodeType": "host",
                "props": Object {
                  "cx": "9.6",
                  "cy": "9.6",
                  "r": "9.6",
                },
                "ref": null,
                "rendered": null,
                "type": "circle",
              },
              Object {
                "instance": null,
                "key": undefined,
                "nodeType": "host",
                "props": Object {
                  "children": <circle
                    cx="20.3"
                    cy="20.3"
                    r="3.2"
                  />,
                },
                "ref": null,
                "rendered": Object {
                  "instance": null,
                  "key": undefined,
                  "nodeType": "host",
                  "props": Object {
                    "cx": "20.3",
                    "cy": "20.3",
                    "r": "3.2",
                  },
                  "ref": null,
                  "rendered": null,
                  "type": "circle",
                },
                "type": "g",
              },
            ],
            "type": "svg",
          },
          "type": [Function],
        },
        Object {
          "instance": null,
          "key": undefined,
          "nodeType": "class",
          "props": Object {
            "children": "Browserful",
            "display": "inline-flex",
            "fontColour": "#404040",
          },
          "ref": null,
          "rendered": "Browserful",
          "type": [Function],
        },
      ],
      "type": [Function],
    },
  ],
  Symbol(enzyme.__options__): Object {
    "adapter": ReactSixteenAdapter {
      "options": Object {
        "enableComponentDidUpdateOnSetState": true,
        "lifecycles": Object {
          "componentDidUpdate": Object {
            "onSetState": true,
          },
          "getDerivedStateFromProps": true,
          "getSnapshotBeforeUpdate": true,
          "setState": Object {
            "skipsComponentDidUpdateOnNullish": true,
          },
        },
      },
    },
    "attachTo": undefined,
    "hydrateIn": undefined,
  },
}
`;
